<?xml version="1.0" encoding="utf-8"?>
<TestRun id="266a5fbd-e61b-45e1-895a-e39a6af853c9" name="@556873b5300c 2026-02-16 17:47:30" xmlns="http://microsoft.com/schemas/VisualStudio/TeamTest/2010">
  <Times creation="2026-02-16T17:47:30.5286077+00:00" queuing="2026-02-16T17:47:30.5286078+00:00" start="2026-02-16T17:47:29.6711281+00:00" finish="2026-02-16T17:47:30.5368217+00:00" />
  <TestSettings name="default" id="95d511f5-2bfe-4d85-bef5-09269136ad50">
    <Deployment runDeploymentRoot="_556873b5300c_2026-02-16_17_47_30" />
  </TestSettings>
  <Results>
    <UnitTestResult executionId="8215bded-2bce-4ba5-80f9-a6ff088d9f36" testId="0fed87c1-de5a-6bff-1c81-09cfcb0960db" testName="CanNavigateToLoginPage_WhenRealBrowserModeEnabled" computerName="556873b5300c" duration="00:00:00.0303520" startTime="2026-02-16T17:47:30.3137008+00:00" endTime="2026-02-16T17:47:30.3439790+00:00" testType="13cdc9d9-ddb5-4fa4-a97d-d965ccfc6d4b" outcome="NotExecuted" testListId="8c84fa94-04c1-424b-9868-57a2d4851a1d" relativeResultsDirectory="8215bded-2bce-4ba5-80f9-a6ff088d9f36">
      <Output>
        <StdOut>Discovery-only mode enabled (no real browser launch).</StdOut>
        <ErrorInfo>
          <Message>Discovery-only mode enabled (no real browser launch).</Message>
        </ErrorInfo>
      </Output>
    </UnitTestResult>
  </Results>
  <TestDefinitions>
    <UnitTest name="CanNavigateToLoginPage_WhenRealBrowserModeEnabled" storage="/home/kavia/workspace/code-generation/orangehrm-320893/src/test/selenium-csharp-nunit/orangehrm.seleniumnunit/bin/release/net8.0/orangehrm.seleniumnunit.dll" id="0fed87c1-de5a-6bff-1c81-09cfcb0960db">
      <Execution id="8215bded-2bce-4ba5-80f9-a6ff088d9f36" />
      <TestMethod codeBase="/home/kavia/workspace/code-generation/orangehrm-320893/src/test/selenium-csharp-nunit/OrangeHrm.SeleniumNUnit/bin/Release/net8.0/OrangeHrm.SeleniumNUnit.dll" adapterTypeName="executor://nunit3testexecutor/" className="OrangeHrm.SeleniumNUnit.Tests.SampleLoginNavigationTest" name="CanNavigateToLoginPage_WhenRealBrowserModeEnabled" />
    </UnitTest>
  </TestDefinitions>
  <TestEntries>
    <TestEntry testId="0fed87c1-de5a-6bff-1c81-09cfcb0960db" executionId="8215bded-2bce-4ba5-80f9-a6ff088d9f36" testListId="8c84fa94-04c1-424b-9868-57a2d4851a1d" />
  </TestEntries>
  <TestLists>
    <TestList name="Results Not in a List" id="8c84fa94-04c1-424b-9868-57a2d4851a1d" />
    <TestList name="All Loaded Results" id="19431567-8539-422a-85d7-44ee4e166bda" />
  </TestLists>
  <ResultSummary outcome="Completed">
    <Counters total="1" executed="0" passed="0" failed="0" error="0" timeout="0" aborted="0" inconclusive="0" passedButRunAborted="0" notRunnable="0" notExecuted="0" disconnected="0" warning="0" completed="0" inProgress="0" pending="0" />
    <Output>
      <StdOut>NUnit Adapter 4.5.0.0: Test execution started
Running all tests in /home/kavia/workspace/code-generation/orangehrm-320893/src/test/selenium-csharp-nunit/OrangeHrm.SeleniumNUnit/bin/Release/net8.0/OrangeHrm.SeleniumNUnit.dll
   NUnit3TestExecutor discovered 1 of 1 NUnit test cases using Current Discovery mode, Non-Explicit run
CanNavigateToLoginPage_WhenRealBrowserModeEnabled: Discovery-only mode enabled (no real browser launch).
NUnit Adapter 4.5.0.0: Test execution complete
Test 'CanNavigateToLoginPage_WhenRealBrowserModeEnabled' was skipped in the test run.
</StdOut>
    </Output>
  </ResultSummary>
</TestRun>